[bostamihtml.ibthemespro.com/aboutOne.html]
[bostamihtml.ibthemespro.com/images/logo/faveicon.jpg]
[bostamihtml.ibthemespro.com/assets/fontaswesome/css/all.min.css]
[bostamihtml.ibthemespro.com/assets/fontaswesome/css/fontawesome.min.css]
[bostamihtml.ibthemespro.com/css/vendor/slick.css]
[bostamihtml.ibthemespro.com/css/tailwind.css]
[backblue.gif]
[fade.gif]
[index.html]
[bostamihtml.ibthemespro.com/css/custom.css]
[bostamihtml.ibthemespro.com/images/logo/logo.png]
[bostamihtml.ibthemespro.com/index.html]
[bostamihtml.ibthemespro.com/resumeOne.html]
[bostamihtml.ibthemespro.com/portfiloOne.html]
[bostamihtml.ibthemespro.com/blogOne.html]
[bostamihtml.ibthemespro.com/contactOne.html]
[bostamihtml.ibthemespro.com/images/about/avatar.jpg]
[bostamihtml.ibthemespro.com/images/icons/dowanload.png]
[bostamihtml.ibthemespro.com/images/icons/icon.svg]
[bostamihtml.ibthemespro.com/images/icons/icon1.svg]
[bostamihtml.ibthemespro.com/images/icons/icon2.svg]
[bostamihtml.ibthemespro.com/images/icons/icon3.svg]
[bostamihtml.ibthemespro.com/images/icons/icon4.svg]
[bostamihtml.ibthemespro.com/images/icons/icon5.svg]
[bostamihtml.ibthemespro.com/images/slider/brand.png]
[bostamihtml.ibthemespro.com/images/slider/brand1.png]
[bostamihtml.ibthemespro.com/images/slider/brand2.png]
[bostamihtml.ibthemespro.com/images/slider/brand3.png]
[bostamihtml.ibthemespro.com/images/slider/brand4.png]
[bostamihtml.ibthemespro.com/js/vendor/slick.js]
[bostamihtml.ibthemespro.com/js/vendor/jquary.min.js]
[bostamihtml.ibthemespro.com/aboutOne.html]
[bostamihtml.ibthemespro.com/js/main.js]
[bostamihtml.ibthemespro.com/assets/fontaswesome/webfonts/fa-brands-400.woff2]
[bostamihtml.ibthemespro.com/assets/fontaswesome/webfonts/fa-regular-400.woff2]
[bostamihtml.ibthemespro.com/assets/fontaswesome/webfonts/fa-brands-400.ttf]
[bostamihtml.ibthemespro.com/assets/fontaswesome/webfonts/fa-regular-400.ttf]
[bostamihtml.ibthemespro.com/assets/fontaswesome/webfonts/fa-solid-900.woff2]
[bostamihtml.ibthemespro.com/assets/fontaswesome/webfonts/fa-v4compatibility.woff2]
[bostamihtml.ibthemespro.com/assets/fontaswesome/webfonts/fa-solid-900.ttf]
[bostamihtml.ibthemespro.com/assets/fontaswesome/css/all.min.css]
[bostamihtml.ibthemespro.com/assets/fontaswesome/css/fontawesome.min.css]
[bostamihtml.ibthemespro.com/css/vendor/slick.css]
[bostamihtml.ibthemespro.com/assets/fontaswesome/webfonts/fa-v4compatibility.ttf]
[bostamihtml.ibthemespro.com/images/background/bg.jpg]
[bostamihtml.ibthemespro.com/images/icons/closelight.jpg]
[bostamihtml.ibthemespro.com/images/background/previewbg.png]
[bostamihtml.ibthemespro.com/images/background/bgtwo.jpg]
[bostamihtml.ibthemespro.com/images/background/bg-dark.jpg]
[bostamihtml.ibthemespro.com/images/icons/closeDark.png]
[bostamihtml.ibthemespro.com/css/tailwind.css]
[bostamihtml.ibthemespro.com/css/custom.css]
[bostamihtml.ibthemespro.com/images/preview/preview.png]
[bostamihtml.ibthemespro.com/images/preview/homeonelight.png]
[bostamihtml.ibthemespro.com/images/preview/homeonedark.png]
[bostamihtml.ibthemespro.com/homePage.html]
[bostamihtml.ibthemespro.com/images/preview/hometwolight.png]
[bostamihtml.ibthemespro.com/images/preview/hometwodark.png]
[bostamihtml.ibthemespro.com/index.html]
[bostamihtml.ibthemespro.com/resumeOne.html]
[bostamihtml.ibthemespro.com/css/vendor/jquery.modal.min.css]
[bostamihtml.ibthemespro.com/images/work_images/small/1.jpg]
[bostamihtml.ibthemespro.com/images/work_images/1.jpg]
[bostamihtml.ibthemespro.com/images/work_images/small/2.jpg]
[bostamihtml.ibthemespro.com/images/work_images/2.jpg]
[bostamihtml.ibthemespro.com/images/work_images/small/3.jpg]
[bostamihtml.ibthemespro.com/images/work_images/3.jpg]
[bostamihtml.ibthemespro.com/images/work_images/small/4.jpg]
[bostamihtml.ibthemespro.com/images/work_images/4.jpg]
[bostamihtml.ibthemespro.com/images/work_images/small/5.jpg]
[bostamihtml.ibthemespro.com/images/work_images/5.jpg]
[bostamihtml.ibthemespro.com/images/work_images/small/6.jpg]
[bostamihtml.ibthemespro.com/images/work_images/6.jpg]
[bostamihtml.ibthemespro.com/images/work_images/small/7.jpg]
[bostamihtml.ibthemespro.com/images/work_images/7.jpg]
[bostamihtml.ibthemespro.com/images/work_images/small/8.jpg]
[bostamihtml.ibthemespro.com/images/work_images/8.jpg]
[bostamihtml.ibthemespro.com/images/work_images/small/9.jpg]
[bostamihtml.ibthemespro.com/images/work_images/9.jpg]
[code.jquery.com/jquery-3.5.1.min.js]
[bostamihtml.ibthemespro.com/js/vendor/isotope.pkgd.min.js]
[bostamihtml.ibthemespro.com/portfiloOne.html]
[bostamihtml.ibthemespro.com/js/vendor/jquery.modal.min.js]
[bostamihtml.ibthemespro.com/images/blog_images/small/1.jpg]
[bostamihtml.ibthemespro.com/images/blog_images/small/2.jpg]
[bostamihtml.ibthemespro.com/images/blog_images/small/3.jpg]
[bostamihtml.ibthemespro.com/images/blog_images/small/4.jpg]
[bostamihtml.ibthemespro.com/images/blog_images/1.jpg]
[bostamihtml.ibthemespro.com/images/about/about.jpg]
[bostamihtml.ibthemespro.com/images/blog_images/2.jpg]
[bostamihtml.ibthemespro.com/images/blog_images/3.jpg]
[bostamihtml.ibthemespro.com/images/blog_images/4.jpg]
[bostamihtml.ibthemespro.com/blogOne.html]
[bostamihtml.ibthemespro.com/contactOne.html]
[bostamihtml.ibthemespro.com/images/icons/icon.svg]
[bostamihtml.ibthemespro.com/images/icons/icon1.svg]
[bostamihtml.ibthemespro.com/images/icons/icon2.svg]
[bostamihtml.ibthemespro.com/images/icons/icon3.svg]
[bostamihtml.ibthemespro.com/images/icons/icon4.svg]
[bostamihtml.ibthemespro.com/images/icons/icon5.svg]
[bostamihtml.ibthemespro.com/aboutTwo.html]
[bostamihtml.ibthemespro.com/resumeTwo.html]
[bostamihtml.ibthemespro.com/portfiloTwo.html]
[bostamihtml.ibthemespro.com/blogTwo.html]
[bostamihtml.ibthemespro.com/homePage.html]
[bostamihtml.ibthemespro.com/css/vendor/jquery.modal.min.css]
[bostamihtml.ibthemespro.com/aboutTwo.html]
[bostamihtml.ibthemespro.com/resumeTwo.html]
[bostamihtml.ibthemespro.com/portfiloTwo.html]
[bostamihtml.ibthemespro.com/contactTwo.html]
[bostamihtml.ibthemespro.com/images/blog_images/small/5.jpg]
[bostamihtml.ibthemespro.com/images/blog_images/small/6.jpg]
[bostamihtml.ibthemespro.com/images/blog_images/5.jpg]
[bostamihtml.ibthemespro.com/images/blog_images/6.jpg]
[bostamihtml.ibthemespro.com/blogTwo.html]
[bostamihtml.ibthemespro.com/images/contact/phone-call.png]
[bostamihtml.ibthemespro.com/images/contact/email.png]
[bostamihtml.ibthemespro.com/images/contact/map.png]
[bostamihtml.ibthemespro.com/contactTwo.html]
